<?xml version="1.0" encoding="UTF-8"?>
<TestRun id="9847e0c1-0c32-4078-987c-dc2e2c8367a5" name="axkhan2@WD-XPA6GCAEJ037 2012-10-23 14:26:06" runUser="US\axkhan2" xmlns="http://microsoft.com/schemas/VisualStudio/TeamTest/2010">
  <TestSettings name="Local" id="a5e260da-ebf3-411a-82d7-291e0f3a3670">
    <Description>These are default test settings for a local test run.</Description>
    <Deployment enabled="false" runDeploymentRoot="axkhan2_WD-XPA6GCAEJ037 2012-10-23 14_26_06">
      <DeploymentItem filename="D:\MyPractices\DOTNET\C#\UnitTestingSamples\HelloWorldSample\HelloWorldSample\bin\Debug\HelloWorldSample.exe" />
    </Deployment>
    <Execution>
      <TestTypeSpecific />
      <AgentRule name="Execution Agents">
      </AgentRule>
    </Execution>
  </TestSettings>
  <Times creation="2012-10-23T14:26:06.5684157+05:30" queuing="2012-10-23T14:26:12.4034515+05:30" start="2012-10-23T14:26:12.5594685+05:30" finish="2012-10-23T14:26:14.5096810+05:30" />
  <ResultSummary outcome="Completed">
    <Counters total="1" executed="1" passed="1" error="0" failed="0" timeout="0" aborted="0" inconclusive="0" passedButRunAborted="0" notRunnable="0" notExecuted="0" disconnected="0" warning="0" completed="0" inProgress="0" pending="0" />
  </ResultSummary>
  <TestDefinitions>
    <UnitTest name="ShowString" storage="d:\mypractices\dotnet\c#\unittestingsamples\helloworldsample\helloworldtestproject\bin\debug\helloworldtestproject.dll" id="1e61a3c0-3e83-0224-2a68-ecc2256dfe11">
      <Execution id="f841b542-94e0-4074-b873-217062e880e3" />
      <TestMethod codeBase="D:/MyPractices/DOTNET/C#/UnitTestingSamples/HelloWorldSample/HelloWorldTestProject/bin/Debug/HelloWorldTestProject.DLL" adapterTypeName="Microsoft.VisualStudio.TestTools.TestTypes.Unit.UnitTestAdapter, Microsoft.VisualStudio.QualityTools.Tips.UnitTest.Adapter, Version=10.0.0.0, Culture=neutral, PublicKeyToken=b03f5f7f11d50a3a" className="HelloWorldTestProject.HelloWorldUnitTest, HelloWorldTestProject, Version=1.0.0.0, Culture=neutral, PublicKeyToken=null" name="ShowString" />
    </UnitTest>
  </TestDefinitions>
  <TestLists>
    <TestList name="Results Not in a List" id="8c84fa94-04c1-424b-9868-57a2d4851a1d" />
    <TestList name="All Loaded Results" id="19431567-8539-422a-85d7-44ee4e166bda" />
  </TestLists>
  <TestEntries>
    <TestEntry testId="1e61a3c0-3e83-0224-2a68-ecc2256dfe11" executionId="f841b542-94e0-4074-b873-217062e880e3" testListId="8c84fa94-04c1-424b-9868-57a2d4851a1d" />
  </TestEntries>
  <Results>
    <UnitTestResult executionId="f841b542-94e0-4074-b873-217062e880e3" testId="1e61a3c0-3e83-0224-2a68-ecc2256dfe11" testName="ShowString" computerName="WD-XPA6GCAEJ037" duration="00:00:00.0690426" startTime="2012-10-23T14:26:12.6686804+05:30" endTime="2012-10-23T14:26:14.2444521+05:30" testType="13cdc9d9-ddb5-4fa4-a97d-d965ccfc6d4b" outcome="Passed" testListId="8c84fa94-04c1-424b-9868-57a2d4851a1d" relativeResultsDirectory="f841b542-94e0-4074-b873-217062e880e3">
      <Output>
        <StdOut>Hello World</StdOut>
      </Output>
    </UnitTestResult>
  </Results>
</TestRun>